
> test
> vitest run apps/cli


 RUN  v4.1.11 /home/ubuntu/projects/ms/.worktrees/e4-current-view-integration

 ✓ apps/cli/src/main.test.ts (24 tests) 159ms
 ✓ apps/cli/src/tui/entry.test.ts (58 tests) 79ms
 ✓ apps/cli/src/tui/commands/write-commands.test.ts (36 tests) 86ms
 ✓ apps/cli/src/tui/commands/autocomplete.test.ts (92 tests) 83ms
 ✓ apps/cli/src/tui/conversation-cancellation.test.ts (2 tests) 61ms
 ✓ apps/cli/src/tui/components/conversation-viewport.test.ts (6 tests) 85ms
 ✓ apps/cli/src/tui/components/approval-dialog-click.test.ts (14 tests) 26ms
 ✓ apps/cli/src/tui/components/mouse.test.ts (3 tests) 24ms
 ✓ apps/cli/src/tui/components/sidebar.test.ts (30 tests) 52ms
 ✓ apps/cli/src/tui/components/sidebar-channels.test.ts (25 tests) 35ms
 ✓ apps/cli/src/tui/commands/read-commands.test.ts (22 tests) 32ms
 ✓ apps/cli/src/tui/components/provider-login-click.test.ts (10 tests) 49ms
 ✓ apps/cli/src/tui/components/shell.test.ts (37 tests) 23ms
 ✓ apps/cli/src/tui/pending-decisions.test.ts (2 tests) 7ms
 ✓ apps/cli/src/tui/panels/organization-panel.test.ts (1 test) 5ms
 ✓ apps/cli/src/tui/components/sidebar-nav.test.ts (25 tests) 35ms
 ✓ apps/cli/src/tui/activity-live-stream.test.ts (2 tests) 6ms
 ✓ apps/cli/src/tui/panels/read-depth-panels.test.ts (10 tests) 11ms
 ✓ apps/cli/src/tui/loop/lifecycle-sidebar.test.ts (11 tests) 30ms
 ✓ apps/cli/src/tui/basic-shell.test.ts (1 test) 32ms
 ✓ apps/cli/src/tui/workspace.test.ts (2 tests) 20ms
 ✓ apps/cli/src/tui/theme.test.ts (8 tests) 6ms
 ✓ apps/cli/src/tui/goal-less-intake.test.ts (4 tests) 19ms
 ✓ apps/cli/src/tui/components/activity-timeline.test.ts (11 tests) 23ms
 ✓ apps/cli/src/tui/components/layout.test.ts (12 tests) 10ms
 ✓ apps/cli/src/tui/project-reconnect.test.ts (3 tests) 25ms
 ✓ apps/cli/src/tui/session.test.ts (9 tests) 16ms
 ✓ apps/cli/src/tui/commands/palette.test.ts (7 tests) 11ms
 ✓ apps/cli/src/tui/panels/projection-panel.test.ts (4 tests) 13ms
 ✓ apps/cli/src/tui/commands/registry.test.ts (6 tests) 21ms
 ✓ apps/cli/src/tui/conversation-transcript.test.ts (13 tests) 11ms
 ✓ apps/cli/src/tui/activity-event.test.ts (4 tests) 9ms
 ✓ apps/cli/src/tui/startup.test.ts (5 tests) 6ms
 ✓ apps/cli/src/tui/commands/parser.test.ts (10 tests) 7ms
 ✓ apps/cli/src/tui/confirmation.test.ts (5 tests) 9ms
 ✓ apps/cli/src/tui/runtime.test.ts (1 test) 4ms
 ✓ apps/cli/src/tui/commands/interactive-dispatch.test.ts (1 test) 11ms
 ✓ apps/cli/src/tui/conversation-history.test.ts (2 tests) 9ms
 ✓ apps/cli/src/tui/activity-stream.test.ts (9 tests) 11ms
 ✓ apps/cli/src/tui/activity-history.test.ts (3 tests) 9ms
 ✓ apps/cli/src/tui/dashboard-refresh.test.ts (4 tests) 8ms
 ✓ apps/cli/src/tui/conversation-draft.test.ts (2 tests) 12ms
 ✓ apps/cli/src/tui/components/approval-dialog.test.ts (4 tests) 4ms
 ✓ apps/cli/src/tui/panels/goal-panel.test.ts (2 tests) 4ms
 ✓ apps/cli/src/tui/flashmob-animation.test.ts (2 tests) 5ms
 ✓ apps/cli/src/tui/account-login.test.ts (1 test) 9ms
 ✓ apps/cli/src/tui/components/regions.test.ts (4 tests) 27ms
 ✓ apps/cli/src/tui/components/recovery-banner.test.ts (2 tests) 6ms
 ✓ apps/cli/src/tui/components/provider-login-dialog.test.ts (5 tests) 10ms
 ✓ apps/cli/src/tui/recovery.test.ts (3 tests) 7ms
 ✓ apps/cli/src/tui/panels/billing-panel.test.ts (2 tests) 4ms
 ✓ apps/cli/src/tui/dashboard-state.test.ts (3 tests) 5ms
 ✓ apps/cli/src/tui/panels/luthiery-panel.test.ts (2 tests) 3ms
 ✓ apps/cli/src/tui/draft-presentation.test.ts (3 tests) 5ms
 ✓ apps/cli/src/tui/panels/evidence-panel.test.ts (1 test) 4ms
 ✓ apps/cli/src/tui/model-selection.test.ts (1 test) 6ms
 ✓ apps/cli/src/tui/retry-workspace.test.ts (2 tests) 13ms
 ✓ apps/cli/src/tui/panels/incident-panel.test.ts (1 test) 4ms
 ✓ apps/cli/src/tui/activity-history-hydration.test.ts (4 tests) 6ms
 ✓ apps/cli/src/tui/conversation-activity.test.ts (3 tests) 4ms
 ✓ apps/cli/src/tui/panels/portfolio-panel.test.ts (1 test) 3ms
 ✓ apps/cli/src/tui/panels/channel-panel.test.ts (2 tests) 4ms

 Test Files  62 passed (62)
      Tests  584 passed (584)
   Start at  23:00:37
   Duration  28.62s (transform 3.18s, setup 499ms, import 15.36s, tests 1.33s, environment 9ms)
